[s1B_cov032] N=112 dx=1.61mm FOV=180mm  top band 300kHz lambda=5.20mm ppw=3.2 res=2.60mm
  ribbon 3mm = 1.9 vox | nuclei 14mm = 8.7 vox | nt=1155 dt=166.3ns | 16 src / 32 rec
generating observed data ...
W0725 23:44:42.696334 3246247 pjrt_executable.cc:642] Assume version compatibility. PjRt-IFRT does not track XLA executable versions.
W0725 23:44:50.270223 3246247 pjrt_executable.cc:642] Assume version compatibility. PjRt-IFRT does not track XLA executable versions.
W0725 23:44:54.882827 3246247 pjrt_executable.cc:642] Assume version compatibility. PjRt-IFRT does not track XLA executable versions.
W0725 23:44:59.484634 3246247 pjrt_executable.cc:642] Assume version compatibility. PjRt-IFRT does not track XLA executable versions.
W0725 23:45:04.097719 3246247 pjrt_executable.cc:642] Assume version compatibility. PjRt-IFRT does not track XLA executable versions.
W0725 23:45:08.702546 3246247 pjrt_executable.cc:642] Assume version compatibility. PjRt-IFRT does not track XLA executable versions.
W0725 23:45:13.324802 3246247 pjrt_executable.cc:642] Assume version compatibility. PjRt-IFRT does not track XLA executable versions.
W0725 23:45:17.919903 3246247 pjrt_executable.cc:642] Assume version compatibility. PjRt-IFRT does not track XLA executable versions.
W0725 23:45:22.519934 3246247 pjrt_executable.cc:642] Assume version compatibility. PjRt-IFRT does not track XLA executable versions.
W0725 23:45:27.123163 3246247 pjrt_executable.cc:642] Assume version compatibility. PjRt-IFRT does not track XLA executable versions.
W0725 23:45:31.720522 3246247 pjrt_executable.cc:642] Assume version compatibility. PjRt-IFRT does not track XLA executable versions.
W0725 23:45:36.312413 3246247 pjrt_executable.cc:642] Assume version compatibility. PjRt-IFRT does not track XLA executable versions.
W0725 23:45:40.950381 3246247 pjrt_executable.cc:642] Assume version compatibility. PjRt-IFRT does not track XLA executable versions.
W0725 23:45:45.548331 3246247 pjrt_executable.cc:642] Assume version compatibility. PjRt-IFRT does not track XLA executable versions.
W0725 23:45:50.137739 3246247 pjrt_executable.cc:642] Assume version compatibility. PjRt-IFRT does not track XLA executable versions.
W0725 23:45:54.733059 3246247 pjrt_executable.cc:642] Assume version compatibility. PjRt-IFRT does not track XLA executable versions.
  done 77s  obs (16, 1155, 32)
W0725 23:45:59.321941 3246247 pjrt_executable.cc:642] Assume version compatibility. PjRt-IFRT does not track XLA executable versions.
W0725 23:46:03.933799 3246247 pjrt_executable.cc:642] Assume version compatibility. PjRt-IFRT does not track XLA executable versions.
W0725 23:46:08.544032 3246247 pjrt_executable.cc:642] Assume version compatibility. PjRt-IFRT does not track XLA executable versions.
W0725 23:46:13.158302 3246247 pjrt_executable.cc:642] Assume version compatibility. PjRt-IFRT does not track XLA executable versions.
W0725 23:46:17.756889 3246247 pjrt_executable.cc:642] Assume version compatibility. PjRt-IFRT does not track XLA executable versions.
W0725 23:46:22.362123 3246247 pjrt_executable.cc:642] Assume version compatibility. PjRt-IFRT does not track XLA executable versions.
W0725 23:46:26.980383 3246247 pjrt_executable.cc:642] Assume version compatibility. PjRt-IFRT does not track XLA executable versions.
W0725 23:46:31.586892 3246247 pjrt_executable.cc:642] Assume version compatibility. PjRt-IFRT does not track XLA executable versions.
W0725 23:46:36.200414 3246247 pjrt_executable.cc:642] Assume version compatibility. PjRt-IFRT does not track XLA executable versions.
W0725 23:46:40.806034 3246247 pjrt_executable.cc:642] Assume version compatibility. PjRt-IFRT does not track XLA executable versions.
W0725 23:46:45.411584 3246247 pjrt_executable.cc:642] Assume version compatibility. PjRt-IFRT does not track XLA executable versions.
W0725 23:46:50.015446 3246247 pjrt_executable.cc:642] Assume version compatibility. PjRt-IFRT does not track XLA executable versions.
W0725 23:46:54.625714 3246247 pjrt_executable.cc:642] Assume version compatibility. PjRt-IFRT does not track XLA executable versions.
W0725 23:46:59.236910 3246247 pjrt_executable.cc:642] Assume version compatibility. PjRt-IFRT does not track XLA executable versions.
W0725 23:47:03.838528 3246247 pjrt_executable.cc:642] Assume version compatibility. PjRt-IFRT does not track XLA executable versions.
W0725 23:47:08.466373 3246247 pjrt_executable.cc:642] Assume version compatibility. PjRt-IFRT does not track XLA executable versions.
  starting relative residual 6.84%  (OK)
running 3-D FWI (2 bands x 15 it x 4 sh) ...
W0725 23:47:13.089690 3246247 pjrt_executable.cc:642] Assume version compatibility. PjRt-IFRT does not track XLA executable versions.
W0725 23:47:23.752576 3246247 pjrt_executable.cc:642] Assume version compatibility. PjRt-IFRT does not track XLA executable versions.
W0725 23:47:39.726049 3246247 pjrt_executable.cc:642] Assume version compatibility. PjRt-IFRT does not track XLA executable versions.
W0725 23:47:40.037652 3246247 pjrt_executable.cc:642] Assume version compatibility. PjRt-IFRT does not track XLA executable versions.
W0725 23:48:39.829948 3246247 pjrt_executable.cc:642] Assume version compatibility. PjRt-IFRT does not track XLA executable versions.
W0725 23:48:40.025498 3246247 pjrt_executable.cc:642] Assume version compatibility. PjRt-IFRT does not track XLA executable versions.
W0725 23:48:40.037028 3246247 pjrt_executable.cc:642] Assume version compatibility. PjRt-IFRT does not track XLA executable versions.
W0725 23:48:40.081268 3246247 pjrt_executable.cc:642] Assume version compatibility. PjRt-IFRT does not track XLA executable versions.
FWI: 2 frequency bands, 15 iters/band, 4 shots/iter
  Grid: (112, 112, 112), dx=1.61 mm
  Velocity bounds: [1480, 2900] m/s
  Loss: l2

  Band 1/2: 150-225 kHz
    Iter 5/15: loss=0.000000, c=[1500, 2800] m/s
    Iter 10/15: loss=0.000000, c=[1500, 2800] m/s
    Iter 15/15: loss=0.000000, c=[1500, 2800] m/s

  Band 2/2: 225-300 kHz
    Iter 5/15: loss=0.000000, c=[1500, 2800] m/s
    Iter 10/15: loss=0.000000, c=[1500, 2800] m/s
    Iter 15/15: loss=0.000000, c=[1500, 2800] m/s
  FWI done 42.5 min

=========== 3-D RESULT: GM/WM via velocity ===========
  WM median 1552.6 (true 1551.5)
  deep-gray nuclei (RESOLVABLE, contrast test):
     true  +17.0 -> recovered  +11.3 m/s (   67%)  AUC 0.963
  cortical ribbon 3mm (resolution test):
     true  +17.0 -> recovered   +3.4 m/s (   20%)  AUC 0.669
  ventricle CSF (positive control):
     true  -51.5 -> recovered  -30.2 m/s (   59%)  AUC 1.000
  VERDICT (on the resolvable GM/WM contrast): RESOLVED
=======================================================
saved results/gmwm_velocity_3d/gmwm3d_s1B_cov032.png
