[s1B_cov128] N=112 dx=1.61mm FOV=180mm  top band 300kHz lambda=5.20mm ppw=3.2 res=2.60mm
  ribbon 3mm = 1.9 vox | nuclei 14mm = 8.7 vox | nt=1155 dt=166.3ns | 16 src / 128 rec
generating observed data ...
W0726 01:10:00.481253 3293915 pjrt_executable.cc:642] Assume version compatibility. PjRt-IFRT does not track XLA executable versions.
W0726 01:10:01.798437 3293915 pjrt_executable.cc:642] Assume version compatibility. PjRt-IFRT does not track XLA executable versions.
W0726 01:10:06.450464 3293915 pjrt_executable.cc:642] Assume version compatibility. PjRt-IFRT does not track XLA executable versions.
W0726 01:10:11.065425 3293915 pjrt_executable.cc:642] Assume version compatibility. PjRt-IFRT does not track XLA executable versions.
W0726 01:10:15.682524 3293915 pjrt_executable.cc:642] Assume version compatibility. PjRt-IFRT does not track XLA executable versions.
W0726 01:10:20.307159 3293915 pjrt_executable.cc:642] Assume version compatibility. PjRt-IFRT does not track XLA executable versions.
W0726 01:10:24.927334 3293915 pjrt_executable.cc:642] Assume version compatibility. PjRt-IFRT does not track XLA executable versions.
W0726 01:10:29.541207 3293915 pjrt_executable.cc:642] Assume version compatibility. PjRt-IFRT does not track XLA executable versions.
W0726 01:10:34.124427 3293915 pjrt_executable.cc:642] Assume version compatibility. PjRt-IFRT does not track XLA executable versions.
W0726 01:10:38.743257 3293915 pjrt_executable.cc:642] Assume version compatibility. PjRt-IFRT does not track XLA executable versions.
W0726 01:10:43.347263 3293915 pjrt_executable.cc:642] Assume version compatibility. PjRt-IFRT does not track XLA executable versions.
W0726 01:10:47.958582 3293915 pjrt_executable.cc:642] Assume version compatibility. PjRt-IFRT does not track XLA executable versions.
W0726 01:10:52.601033 3293915 pjrt_executable.cc:642] Assume version compatibility. PjRt-IFRT does not track XLA executable versions.
W0726 01:10:57.218069 3293915 pjrt_executable.cc:642] Assume version compatibility. PjRt-IFRT does not track XLA executable versions.
W0726 01:11:01.808236 3293915 pjrt_executable.cc:642] Assume version compatibility. PjRt-IFRT does not track XLA executable versions.
W0726 01:11:06.416707 3293915 pjrt_executable.cc:642] Assume version compatibility. PjRt-IFRT does not track XLA executable versions.
W0726 01:11:11.020439 3293915 pjrt_executable.cc:642] Assume version compatibility. PjRt-IFRT does not track XLA executable versions.
  done 75s  obs (16, 1155, 128)
W0726 01:11:15.614851 3293915 pjrt_executable.cc:642] Assume version compatibility. PjRt-IFRT does not track XLA executable versions.
W0726 01:11:20.226319 3293915 pjrt_executable.cc:642] Assume version compatibility. PjRt-IFRT does not track XLA executable versions.
W0726 01:11:24.819722 3293915 pjrt_executable.cc:642] Assume version compatibility. PjRt-IFRT does not track XLA executable versions.
W0726 01:11:29.430398 3293915 pjrt_executable.cc:642] Assume version compatibility. PjRt-IFRT does not track XLA executable versions.
W0726 01:11:34.039733 3293915 pjrt_executable.cc:642] Assume version compatibility. PjRt-IFRT does not track XLA executable versions.
W0726 01:11:38.646343 3293915 pjrt_executable.cc:642] Assume version compatibility. PjRt-IFRT does not track XLA executable versions.
W0726 01:11:43.271143 3293915 pjrt_executable.cc:642] Assume version compatibility. PjRt-IFRT does not track XLA executable versions.
W0726 01:11:47.883822 3293915 pjrt_executable.cc:642] Assume version compatibility. PjRt-IFRT does not track XLA executable versions.
W0726 01:11:52.498708 3293915 pjrt_executable.cc:642] Assume version compatibility. PjRt-IFRT does not track XLA executable versions.
W0726 01:11:57.113760 3293915 pjrt_executable.cc:642] Assume version compatibility. PjRt-IFRT does not track XLA executable versions.
W0726 01:12:01.725600 3293915 pjrt_executable.cc:642] Assume version compatibility. PjRt-IFRT does not track XLA executable versions.
W0726 01:12:06.345561 3293915 pjrt_executable.cc:642] Assume version compatibility. PjRt-IFRT does not track XLA executable versions.
W0726 01:12:10.945948 3293915 pjrt_executable.cc:642] Assume version compatibility. PjRt-IFRT does not track XLA executable versions.
W0726 01:12:15.566355 3293915 pjrt_executable.cc:642] Assume version compatibility. PjRt-IFRT does not track XLA executable versions.
W0726 01:12:20.195780 3293915 pjrt_executable.cc:642] Assume version compatibility. PjRt-IFRT does not track XLA executable versions.
W0726 01:12:24.802326 3293915 pjrt_executable.cc:642] Assume version compatibility. PjRt-IFRT does not track XLA executable versions.
  starting relative residual 6.05%  (OK)
running 3-D FWI (2 bands x 15 it x 4 sh) ...
W0726 01:12:29.430865 3293915 pjrt_executable.cc:642] Assume version compatibility. PjRt-IFRT does not track XLA executable versions.
W0726 01:12:29.878493 3293915 pjrt_executable.cc:642] Assume version compatibility. PjRt-IFRT does not track XLA executable versions.
W0726 01:12:32.399511 3293915 pjrt_executable.cc:642] Assume version compatibility. PjRt-IFRT does not track XLA executable versions.
W0726 01:12:37.365723 3293915 pjrt_executable.cc:642] Assume version compatibility. PjRt-IFRT does not track XLA executable versions.
W0726 01:12:37.380300 3293915 pjrt_executable.cc:642] Assume version compatibility. PjRt-IFRT does not track XLA executable versions.
W0726 01:12:37.614566 3293915 pjrt_executable.cc:642] Assume version compatibility. PjRt-IFRT does not track XLA executable versions.
W0726 01:12:52.994447 3293915 pjrt_executable.cc:642] Assume version compatibility. PjRt-IFRT does not track XLA executable versions.
W0726 01:12:53.279586 3293915 pjrt_executable.cc:642] Assume version compatibility. PjRt-IFRT does not track XLA executable versions.
W0726 01:12:53.559505 3293915 pjrt_executable.cc:642] Assume version compatibility. PjRt-IFRT does not track XLA executable versions.
W0726 01:12:58.255623 3293915 pjrt_executable.cc:642] Assume version compatibility. PjRt-IFRT does not track XLA executable versions.
W0726 01:13:12.799866 3293915 pjrt_executable.cc:642] Assume version compatibility. PjRt-IFRT does not track XLA executable versions.
W0726 01:13:17.482736 3293915 pjrt_executable.cc:642] Assume version compatibility. PjRt-IFRT does not track XLA executable versions.
W0726 01:13:32.075225 3293915 pjrt_executable.cc:642] Assume version compatibility. PjRt-IFRT does not track XLA executable versions.
W0726 01:13:36.753972 3293915 pjrt_executable.cc:642] Assume version compatibility. PjRt-IFRT does not track XLA executable versions.
W0726 01:13:51.131744 3293915 pjrt_executable.cc:642] Assume version compatibility. PjRt-IFRT does not track XLA executable versions.
W0726 01:13:51.326101 3293915 pjrt_executable.cc:642] Assume version compatibility. PjRt-IFRT does not track XLA executable versions.
W0726 01:13:51.337749 3293915 pjrt_executable.cc:642] Assume version compatibility. PjRt-IFRT does not track XLA executable versions.
W0726 01:13:51.381456 3293915 pjrt_executable.cc:642] Assume version compatibility. PjRt-IFRT does not track XLA executable versions.
W0726 01:13:51.969398 3293915 pjrt_executable.cc:642] Assume version compatibility. PjRt-IFRT does not track XLA executable versions.
W0726 01:13:56.647095 3293915 pjrt_executable.cc:642] Assume version compatibility. PjRt-IFRT does not track XLA executable versions.
W0726 01:14:11.250409 3293915 pjrt_executable.cc:642] Assume version compatibility. PjRt-IFRT does not track XLA executable versions.
W0726 01:14:15.931932 3293915 pjrt_executable.cc:642] Assume version compatibility. PjRt-IFRT does not track XLA executable versions.
W0726 01:14:30.440132 3293915 pjrt_executable.cc:642] Assume version compatibility. PjRt-IFRT does not track XLA executable versions.
W0726 01:14:35.129073 3293915 pjrt_executable.cc:642] Assume version compatibility. PjRt-IFRT does not track XLA executable versions.
W0726 01:14:49.726610 3293915 pjrt_executable.cc:642] Assume version compatibility. PjRt-IFRT does not track XLA executable versions.
W0726 01:14:54.408677 3293915 pjrt_executable.cc:642] Assume version compatibility. PjRt-IFRT does not track XLA executable versions.
W0726 01:15:08.954129 3293915 pjrt_executable.cc:642] Assume version compatibility. PjRt-IFRT does not track XLA executable versions.
W0726 01:15:13.640826 3293915 pjrt_executable.cc:642] Assume version compatibility. PjRt-IFRT does not track XLA executable versions.
W0726 01:15:28.168328 3293915 pjrt_executable.cc:642] Assume version compatibility. PjRt-IFRT does not track XLA executable versions.
W0726 01:15:32.933621 3293915 pjrt_executable.cc:642] Assume version compatibility. PjRt-IFRT does not track XLA executable versions.
W0726 01:15:47.454599 3293915 pjrt_executable.cc:642] Assume version compatibility. PjRt-IFRT does not track XLA executable versions.
W0726 01:15:52.145951 3293915 pjrt_executable.cc:642] Assume version compatibility. PjRt-IFRT does not track XLA executable versions.
W0726 01:16:06.655943 3293915 pjrt_executable.cc:642] Assume version compatibility. PjRt-IFRT does not track XLA executable versions.
W0726 01:16:11.342318 3293915 pjrt_executable.cc:642] Assume version compatibility. PjRt-IFRT does not track XLA executable versions.
W0726 01:16:25.964897 3293915 pjrt_executable.cc:642] Assume version compatibility. PjRt-IFRT does not track XLA executable versions.
W0726 01:16:30.657527 3293915 pjrt_executable.cc:642] Assume version compatibility. PjRt-IFRT does not track XLA executable versions.
W0726 01:16:45.217106 3293915 pjrt_executable.cc:642] Assume version compatibility. PjRt-IFRT does not track XLA executable versions.
W0726 01:16:49.902924 3293915 pjrt_executable.cc:642] Assume version compatibility. PjRt-IFRT does not track XLA executable versions.
W0726 01:17:04.430275 3293915 pjrt_executable.cc:642] Assume version compatibility. PjRt-IFRT does not track XLA executable versions.
W0726 01:17:09.116635 3293915 pjrt_executable.cc:642] Assume version compatibility. PjRt-IFRT does not track XLA executable versions.
W0726 01:17:23.667232 3293915 pjrt_executable.cc:642] Assume version compatibility. PjRt-IFRT does not track XLA executable versions.
W0726 01:17:28.347179 3293915 pjrt_executable.cc:642] Assume version compatibility. PjRt-IFRT does not track XLA executable versions.
W0726 01:17:42.866105 3293915 pjrt_executable.cc:642] Assume version compatibility. PjRt-IFRT does not track XLA executable versions.
W0726 01:17:47.547449 3293915 pjrt_executable.cc:642] Assume version compatibility. PjRt-IFRT does not track XLA executable versions.
W0726 01:18:02.054927 3293915 pjrt_executable.cc:642] Assume version compatibility. PjRt-IFRT does not track XLA executable versions.
W0726 01:18:06.724956 3293915 pjrt_executable.cc:642] Assume version compatibility. PjRt-IFRT does not track XLA executable versions.
W0726 01:18:21.329017 3293915 pjrt_executable.cc:642] Assume version compatibility. PjRt-IFRT does not track XLA executable versions.
W0726 01:18:26.004003 3293915 pjrt_executable.cc:642] Assume version compatibility. PjRt-IFRT does not track XLA executable versions.
W0726 01:18:40.505464 3293915 pjrt_executable.cc:642] Assume version compatibility. PjRt-IFRT does not track XLA executable versions.
W0726 01:18:45.193023 3293915 pjrt_executable.cc:642] Assume version compatibility. PjRt-IFRT does not track XLA executable versions.
W0726 01:18:59.758032 3293915 pjrt_executable.cc:642] Assume version compatibility. PjRt-IFRT does not track XLA executable versions.
W0726 01:19:04.434905 3293915 pjrt_executable.cc:642] Assume version compatibility. PjRt-IFRT does not track XLA executable versions.
W0726 01:19:19.049262 3293915 pjrt_executable.cc:642] Assume version compatibility. PjRt-IFRT does not track XLA executable versions.
W0726 01:19:23.729632 3293915 pjrt_executable.cc:642] Assume version compatibility. PjRt-IFRT does not track XLA executable versions.
W0726 01:19:38.239155 3293915 pjrt_executable.cc:642] Assume version compatibility. PjRt-IFRT does not track XLA executable versions.
W0726 01:19:42.919518 3293915 pjrt_executable.cc:642] Assume version compatibility. PjRt-IFRT does not track XLA executable versions.
W0726 01:19:57.444487 3293915 pjrt_executable.cc:642] Assume version compatibility. PjRt-IFRT does not track XLA executable versions.
W0726 01:20:02.241786 3293915 pjrt_executable.cc:642] Assume version compatibility. PjRt-IFRT does not track XLA executable versions.
W0726 01:20:16.780134 3293915 pjrt_executable.cc:642] Assume version compatibility. PjRt-IFRT does not track XLA executable versions.
W0726 01:20:21.462363 3293915 pjrt_executable.cc:642] Assume version compatibility. PjRt-IFRT does not track XLA executable versions.
W0726 01:20:35.960762 3293915 pjrt_executable.cc:642] Assume version compatibility. PjRt-IFRT does not track XLA executable versions.
W0726 01:20:40.643257 3293915 pjrt_executable.cc:642] Assume version compatibility. PjRt-IFRT does not track XLA executable versions.
W0726 01:20:55.154650 3293915 pjrt_executable.cc:642] Assume version compatibility. PjRt-IFRT does not track XLA executable versions.
W0726 01:20:59.837400 3293915 pjrt_executable.cc:642] Assume version compatibility. PjRt-IFRT does not track XLA executable versions.
W0726 01:21:14.465618 3293915 pjrt_executable.cc:642] Assume version compatibility. PjRt-IFRT does not track XLA executable versions.
W0726 01:21:19.158299 3293915 pjrt_executable.cc:642] Assume version compatibility. PjRt-IFRT does not track XLA executable versions.
W0726 01:21:33.660922 3293915 pjrt_executable.cc:642] Assume version compatibility. PjRt-IFRT does not track XLA executable versions.
W0726 01:21:38.353860 3293915 pjrt_executable.cc:642] Assume version compatibility. PjRt-IFRT does not track XLA executable versions.
W0726 01:21:52.893287 3293915 pjrt_executable.cc:642] Assume version compatibility. PjRt-IFRT does not track XLA executable versions.
W0726 01:21:57.569024 3293915 pjrt_executable.cc:642] Assume version compatibility. PjRt-IFRT does not track XLA executable versions.
W0726 01:22:12.119190 3293915 pjrt_executable.cc:642] Assume version compatibility. PjRt-IFRT does not track XLA executable versions.
W0726 01:22:16.803175 3293915 pjrt_executable.cc:642] Assume version compatibility. PjRt-IFRT does not track XLA executable versions.
W0726 01:22:31.290960 3293915 pjrt_executable.cc:642] Assume version compatibility. PjRt-IFRT does not track XLA executable versions.
W0726 01:22:35.975994 3293915 pjrt_executable.cc:642] Assume version compatibility. PjRt-IFRT does not track XLA executable versions.
W0726 01:22:50.494408 3293915 pjrt_executable.cc:642] Assume version compatibility. PjRt-IFRT does not track XLA executable versions.
W0726 01:22:55.183190 3293915 pjrt_executable.cc:642] Assume version compatibility. PjRt-IFRT does not track XLA executable versions.
W0726 01:23:09.718444 3293915 pjrt_executable.cc:642] Assume version compatibility. PjRt-IFRT does not track XLA executable versions.
W0726 01:23:14.530179 3293915 pjrt_executable.cc:642] Assume version compatibility. PjRt-IFRT does not track XLA executable versions.
W0726 01:23:29.030754 3293915 pjrt_executable.cc:642] Assume version compatibility. PjRt-IFRT does not track XLA executable versions.
W0726 01:23:33.718203 3293915 pjrt_executable.cc:642] Assume version compatibility. PjRt-IFRT does not track XLA executable versions.
W0726 01:23:48.251441 3293915 pjrt_executable.cc:642] Assume version compatibility. PjRt-IFRT does not track XLA executable versions.
W0726 01:23:52.943275 3293915 pjrt_executable.cc:642] Assume version compatibility. PjRt-IFRT does not track XLA executable versions.
W0726 01:24:07.472741 3293915 pjrt_executable.cc:642] Assume version compatibility. PjRt-IFRT does not track XLA executable versions.
W0726 01:24:12.144586 3293915 pjrt_executable.cc:642] Assume version compatibility. PjRt-IFRT does not track XLA executable versions.
W0726 01:24:26.756915 3293915 pjrt_executable.cc:642] Assume version compatibility. PjRt-IFRT does not track XLA executable versions.
W0726 01:24:31.433763 3293915 pjrt_executable.cc:642] Assume version compatibility. PjRt-IFRT does not track XLA executable versions.
W0726 01:24:45.961230 3293915 pjrt_executable.cc:642] Assume version compatibility. PjRt-IFRT does not track XLA executable versions.
W0726 01:24:50.645179 3293915 pjrt_executable.cc:642] Assume version compatibility. PjRt-IFRT does not track XLA executable versions.
W0726 01:25:05.195043 3293915 pjrt_executable.cc:642] Assume version compatibility. PjRt-IFRT does not track XLA executable versions.
W0726 01:25:09.889694 3293915 pjrt_executable.cc:642] Assume version compatibility. PjRt-IFRT does not track XLA executable versions.
W0726 01:25:24.628762 3293915 pjrt_executable.cc:642] Assume version compatibility. PjRt-IFRT does not track XLA executable versions.
W0726 01:25:29.471699 3293915 pjrt_executable.cc:642] Assume version compatibility. PjRt-IFRT does not track XLA executable versions.
W0726 01:25:44.160053 3293915 pjrt_executable.cc:642] Assume version compatibility. PjRt-IFRT does not track XLA executable versions.
W0726 01:25:48.912021 3293915 pjrt_executable.cc:642] Assume version compatibility. PjRt-IFRT does not track XLA executable versions.
W0726 01:26:03.600493 3293915 pjrt_executable.cc:642] Assume version compatibility. PjRt-IFRT does not track XLA executable versions.
W0726 01:26:08.391587 3293915 pjrt_executable.cc:642] Assume version compatibility. PjRt-IFRT does not track XLA executable versions.
W0726 01:26:23.020259 3293915 pjrt_executable.cc:642] Assume version compatibility. PjRt-IFRT does not track XLA executable versions.
W0726 01:26:27.703429 3293915 pjrt_executable.cc:642] Assume version compatibility. PjRt-IFRT does not track XLA executable versions.
W0726 01:26:42.390151 3293915 pjrt_executable.cc:642] Assume version compatibility. PjRt-IFRT does not track XLA executable versions.
W0726 01:26:47.073507 3293915 pjrt_executable.cc:642] Assume version compatibility. PjRt-IFRT does not track XLA executable versions.
W0726 01:27:01.616210 3293915 pjrt_executable.cc:642] Assume version compatibility. PjRt-IFRT does not track XLA executable versions.
W0726 01:27:06.307802 3293915 pjrt_executable.cc:642] Assume version compatibility. PjRt-IFRT does not track XLA executable versions.
W0726 01:27:20.816416 3293915 pjrt_executable.cc:642] Assume version compatibility. PjRt-IFRT does not track XLA executable versions.
W0726 01:27:25.488569 3293915 pjrt_executable.cc:642] Assume version compatibility. PjRt-IFRT does not track XLA executable versions.
W0726 01:27:39.990886 3293915 pjrt_executable.cc:642] Assume version compatibility. PjRt-IFRT does not track XLA executable versions.
W0726 01:27:44.667013 3293915 pjrt_executable.cc:642] Assume version compatibility. PjRt-IFRT does not track XLA executable versions.
W0726 01:27:59.319282 3293915 pjrt_executable.cc:642] Assume version compatibility. PjRt-IFRT does not track XLA executable versions.
W0726 01:28:03.997494 3293915 pjrt_executable.cc:642] Assume version compatibility. PjRt-IFRT does not track XLA executable versions.
W0726 01:28:18.528239 3293915 pjrt_executable.cc:642] Assume version compatibility. PjRt-IFRT does not track XLA executable versions.
W0726 01:28:23.214507 3293915 pjrt_executable.cc:642] Assume version compatibility. PjRt-IFRT does not track XLA executable versions.
W0726 01:28:37.747367 3293915 pjrt_executable.cc:642] Assume version compatibility. PjRt-IFRT does not track XLA executable versions.
W0726 01:28:42.420992 3293915 pjrt_executable.cc:642] Assume version compatibility. PjRt-IFRT does not track XLA executable versions.
W0726 01:28:56.941832 3293915 pjrt_executable.cc:642] Assume version compatibility. PjRt-IFRT does not track XLA executable versions.
W0726 01:29:01.623967 3293915 pjrt_executable.cc:642] Assume version compatibility. PjRt-IFRT does not track XLA executable versions.
W0726 01:29:16.296688 3293915 pjrt_executable.cc:642] Assume version compatibility. PjRt-IFRT does not track XLA executable versions.
W0726 01:29:20.985318 3293915 pjrt_executable.cc:642] Assume version compatibility. PjRt-IFRT does not track XLA executable versions.
W0726 01:29:35.502108 3293915 pjrt_executable.cc:642] Assume version compatibility. PjRt-IFRT does not track XLA executable versions.
W0726 01:29:40.193078 3293915 pjrt_executable.cc:642] Assume version compatibility. PjRt-IFRT does not track XLA executable versions.
W0726 01:29:54.733434 3293915 pjrt_executable.cc:642] Assume version compatibility. PjRt-IFRT does not track XLA executable versions.
W0726 01:29:59.423702 3293915 pjrt_executable.cc:642] Assume version compatibility. PjRt-IFRT does not track XLA executable versions.
W0726 01:30:13.941448 3293915 pjrt_executable.cc:642] Assume version compatibility. PjRt-IFRT does not track XLA executable versions.
W0726 01:30:18.637022 3293915 pjrt_executable.cc:642] Assume version compatibility. PjRt-IFRT does not track XLA executable versions.
W0726 01:30:33.193505 3293915 pjrt_executable.cc:642] Assume version compatibility. PjRt-IFRT does not track XLA executable versions.
W0726 01:30:38.037438 3293915 pjrt_executable.cc:642] Assume version compatibility. PjRt-IFRT does not track XLA executable versions.
W0726 01:30:52.565675 3293915 pjrt_executable.cc:642] Assume version compatibility. PjRt-IFRT does not track XLA executable versions.
W0726 01:30:57.247009 3293915 pjrt_executable.cc:642] Assume version compatibility. PjRt-IFRT does not track XLA executable versions.
W0726 01:31:11.795734 3293915 pjrt_executable.cc:642] Assume version compatibility. PjRt-IFRT does not track XLA executable versions.
W0726 01:31:16.473836 3293915 pjrt_executable.cc:642] Assume version compatibility. PjRt-IFRT does not track XLA executable versions.
W0726 01:31:30.979857 3293915 pjrt_executable.cc:642] Assume version compatibility. PjRt-IFRT does not track XLA executable versions.
W0726 01:31:35.650963 3293915 pjrt_executable.cc:642] Assume version compatibility. PjRt-IFRT does not track XLA executable versions.
W0726 01:31:50.201603 3293915 pjrt_executable.cc:642] Assume version compatibility. PjRt-IFRT does not track XLA executable versions.
W0726 01:31:54.897146 3293915 pjrt_executable.cc:642] Assume version compatibility. PjRt-IFRT does not track XLA executable versions.
W0726 01:32:09.549532 3293915 pjrt_executable.cc:642] Assume version compatibility. PjRt-IFRT does not track XLA executable versions.
W0726 01:32:14.230516 3293915 pjrt_executable.cc:642] Assume version compatibility. PjRt-IFRT does not track XLA executable versions.
W0726 01:32:28.775065 3293915 pjrt_executable.cc:642] Assume version compatibility. PjRt-IFRT does not track XLA executable versions.
W0726 01:32:33.456211 3293915 pjrt_executable.cc:642] Assume version compatibility. PjRt-IFRT does not track XLA executable versions.
W0726 01:32:47.997886 3293915 pjrt_executable.cc:642] Assume version compatibility. PjRt-IFRT does not track XLA executable versions.
W0726 01:32:52.672357 3293915 pjrt_executable.cc:642] Assume version compatibility. PjRt-IFRT does not track XLA executable versions.
W0726 01:33:07.213498 3293915 pjrt_executable.cc:642] Assume version compatibility. PjRt-IFRT does not track XLA executable versions.
W0726 01:33:11.891439 3293915 pjrt_executable.cc:642] Assume version compatibility. PjRt-IFRT does not track XLA executable versions.
W0726 01:33:26.624998 3293915 pjrt_executable.cc:642] Assume version compatibility. PjRt-IFRT does not track XLA executable versions.
W0726 01:33:31.308645 3293915 pjrt_executable.cc:642] Assume version compatibility. PjRt-IFRT does not track XLA executable versions.
W0726 01:33:45.828969 3293915 pjrt_executable.cc:642] Assume version compatibility. PjRt-IFRT does not track XLA executable versions.
W0726 01:33:50.513832 3293915 pjrt_executable.cc:642] Assume version compatibility. PjRt-IFRT does not track XLA executable versions.
W0726 01:34:05.047129 3293915 pjrt_executable.cc:642] Assume version compatibility. PjRt-IFRT does not track XLA executable versions.
W0726 01:34:09.722152 3293915 pjrt_executable.cc:642] Assume version compatibility. PjRt-IFRT does not track XLA executable versions.
W0726 01:34:24.242069 3293915 pjrt_executable.cc:642] Assume version compatibility. PjRt-IFRT does not track XLA executable versions.
W0726 01:34:28.922735 3293915 pjrt_executable.cc:642] Assume version compatibility. PjRt-IFRT does not track XLA executable versions.
W0726 01:34:43.409323 3293915 pjrt_executable.cc:642] Assume version compatibility. PjRt-IFRT does not track XLA executable versions.
W0726 01:34:48.078299 3293915 pjrt_executable.cc:642] Assume version compatibility. PjRt-IFRT does not track XLA executable versions.
W0726 01:35:02.746374 3293915 pjrt_executable.cc:642] Assume version compatibility. PjRt-IFRT does not track XLA executable versions.
W0726 01:35:07.436103 3293915 pjrt_executable.cc:642] Assume version compatibility. PjRt-IFRT does not track XLA executable versions.
W0726 01:35:21.970306 3293915 pjrt_executable.cc:642] Assume version compatibility. PjRt-IFRT does not track XLA executable versions.
W0726 01:35:26.646899 3293915 pjrt_executable.cc:642] Assume version compatibility. PjRt-IFRT does not track XLA executable versions.
W0726 01:35:41.159752 3293915 pjrt_executable.cc:642] Assume version compatibility. PjRt-IFRT does not track XLA executable versions.
W0726 01:35:45.839456 3293915 pjrt_executable.cc:642] Assume version compatibility. PjRt-IFRT does not track XLA executable versions.
W0726 01:36:00.356416 3293915 pjrt_executable.cc:642] Assume version compatibility. PjRt-IFRT does not track XLA executable versions.
W0726 01:36:05.046088 3293915 pjrt_executable.cc:642] Assume version compatibility. PjRt-IFRT does not track XLA executable versions.
W0726 01:36:19.571076 3293915 pjrt_executable.cc:642] Assume version compatibility. PjRt-IFRT does not track XLA executable versions.
W0726 01:36:24.422348 3293915 pjrt_executable.cc:642] Assume version compatibility. PjRt-IFRT does not track XLA executable versions.
W0726 01:36:38.897571 3293915 pjrt_executable.cc:642] Assume version compatibility. PjRt-IFRT does not track XLA executable versions.
W0726 01:36:43.568650 3293915 pjrt_executable.cc:642] Assume version compatibility. PjRt-IFRT does not track XLA executable versions.
W0726 01:36:58.110970 3293915 pjrt_executable.cc:642] Assume version compatibility. PjRt-IFRT does not track XLA executable versions.
W0726 01:37:02.779911 3293915 pjrt_executable.cc:642] Assume version compatibility. PjRt-IFRT does not track XLA executable versions.
W0726 01:37:17.298947 3293915 pjrt_executable.cc:642] Assume version compatibility. PjRt-IFRT does not track XLA executable versions.
W0726 01:37:21.989055 3293915 pjrt_executable.cc:642] Assume version compatibility. PjRt-IFRT does not track XLA executable versions.
W0726 01:37:36.514101 3293915 pjrt_executable.cc:642] Assume version compatibility. PjRt-IFRT does not track XLA executable versions.
W0726 01:37:41.193008 3293915 pjrt_executable.cc:642] Assume version compatibility. PjRt-IFRT does not track XLA executable versions.
W0726 01:37:55.728626 3293915 pjrt_executable.cc:642] Assume version compatibility. PjRt-IFRT does not track XLA executable versions.
W0726 01:38:00.401467 3293915 pjrt_executable.cc:642] Assume version compatibility. PjRt-IFRT does not track XLA executable versions.
W0726 01:38:15.039614 3293915 pjrt_executable.cc:642] Assume version compatibility. PjRt-IFRT does not track XLA executable versions.
W0726 01:38:19.706592 3293915 pjrt_executable.cc:642] Assume version compatibility. PjRt-IFRT does not track XLA executable versions.
W0726 01:38:34.245532 3293915 pjrt_executable.cc:642] Assume version compatibility. PjRt-IFRT does not track XLA executable versions.
W0726 01:38:38.932261 3293915 pjrt_executable.cc:642] Assume version compatibility. PjRt-IFRT does not track XLA executable versions.
W0726 01:38:53.473850 3293915 pjrt_executable.cc:642] Assume version compatibility. PjRt-IFRT does not track XLA executable versions.
W0726 01:38:58.150655 3293915 pjrt_executable.cc:642] Assume version compatibility. PjRt-IFRT does not track XLA executable versions.
W0726 01:39:12.678053 3293915 pjrt_executable.cc:642] Assume version compatibility. PjRt-IFRT does not track XLA executable versions.
W0726 01:39:17.355489 3293915 pjrt_executable.cc:642] Assume version compatibility. PjRt-IFRT does not track XLA executable versions.
W0726 01:39:31.880874 3293915 pjrt_executable.cc:642] Assume version compatibility. PjRt-IFRT does not track XLA executable versions.
W0726 01:39:36.547323 3293915 pjrt_executable.cc:642] Assume version compatibility. PjRt-IFRT does not track XLA executable versions.
W0726 01:39:51.034517 3293915 pjrt_executable.cc:642] Assume version compatibility. PjRt-IFRT does not track XLA executable versions.
W0726 01:39:55.931555 3293915 pjrt_executable.cc:642] Assume version compatibility. PjRt-IFRT does not track XLA executable versions.
W0726 01:40:10.435996 3293915 pjrt_executable.cc:642] Assume version compatibility. PjRt-IFRT does not track XLA executable versions.
W0726 01:40:15.111317 3293915 pjrt_executable.cc:642] Assume version compatibility. PjRt-IFRT does not track XLA executable versions.
W0726 01:40:29.596809 3293915 pjrt_executable.cc:642] Assume version compatibility. PjRt-IFRT does not track XLA executable versions.
W0726 01:40:34.272015 3293915 pjrt_executable.cc:642] Assume version compatibility. PjRt-IFRT does not track XLA executable versions.
W0726 01:40:48.766967 3293915 pjrt_executable.cc:642] Assume version compatibility. PjRt-IFRT does not track XLA executable versions.
W0726 01:40:53.447780 3293915 pjrt_executable.cc:642] Assume version compatibility. PjRt-IFRT does not track XLA executable versions.
W0726 01:41:07.975926 3293915 pjrt_executable.cc:642] Assume version compatibility. PjRt-IFRT does not track XLA executable versions.
W0726 01:41:12.659991 3293915 pjrt_executable.cc:642] Assume version compatibility. PjRt-IFRT does not track XLA executable versions.
W0726 01:41:27.191226 3293915 pjrt_executable.cc:642] Assume version compatibility. PjRt-IFRT does not track XLA executable versions.
W0726 01:41:31.867608 3293915 pjrt_executable.cc:642] Assume version compatibility. PjRt-IFRT does not track XLA executable versions.
W0726 01:41:46.606258 3293915 pjrt_executable.cc:642] Assume version compatibility. PjRt-IFRT does not track XLA executable versions.
W0726 01:41:51.301015 3293915 pjrt_executable.cc:642] Assume version compatibility. PjRt-IFRT does not track XLA executable versions.
W0726 01:42:05.874996 3293915 pjrt_executable.cc:642] Assume version compatibility. PjRt-IFRT does not track XLA executable versions.
W0726 01:42:10.555999 3293915 pjrt_executable.cc:642] Assume version compatibility. PjRt-IFRT does not track XLA executable versions.
W0726 01:42:25.082654 3293915 pjrt_executable.cc:642] Assume version compatibility. PjRt-IFRT does not track XLA executable versions.
W0726 01:42:29.764699 3293915 pjrt_executable.cc:642] Assume version compatibility. PjRt-IFRT does not track XLA executable versions.
W0726 01:42:44.286144 3293915 pjrt_executable.cc:642] Assume version compatibility. PjRt-IFRT does not track XLA executable versions.
W0726 01:42:48.973324 3293915 pjrt_executable.cc:642] Assume version compatibility. PjRt-IFRT does not track XLA executable versions.
W0726 01:43:03.510896 3293915 pjrt_executable.cc:642] Assume version compatibility. PjRt-IFRT does not track XLA executable versions.
W0726 01:43:08.197466 3293915 pjrt_executable.cc:642] Assume version compatibility. PjRt-IFRT does not track XLA executable versions.
W0726 01:43:22.898155 3293915 pjrt_executable.cc:642] Assume version compatibility. PjRt-IFRT does not track XLA executable versions.
W0726 01:43:27.582009 3293915 pjrt_executable.cc:642] Assume version compatibility. PjRt-IFRT does not track XLA executable versions.
W0726 01:43:42.108970 3293915 pjrt_executable.cc:642] Assume version compatibility. PjRt-IFRT does not track XLA executable versions.
W0726 01:43:46.794376 3293915 pjrt_executable.cc:642] Assume version compatibility. PjRt-IFRT does not track XLA executable versions.
W0726 01:44:01.322192 3293915 pjrt_executable.cc:642] Assume version compatibility. PjRt-IFRT does not track XLA executable versions.
W0726 01:44:06.000299 3293915 pjrt_executable.cc:642] Assume version compatibility. PjRt-IFRT does not track XLA executable versions.
W0726 01:44:20.547682 3293915 pjrt_executable.cc:642] Assume version compatibility. PjRt-IFRT does not track XLA executable versions.
W0726 01:44:25.224251 3293915 pjrt_executable.cc:642] Assume version compatibility. PjRt-IFRT does not track XLA executable versions.
W0726 01:44:39.755505 3293915 pjrt_executable.cc:642] Assume version compatibility. PjRt-IFRT does not track XLA executable versions.
W0726 01:44:44.430214 3293915 pjrt_executable.cc:642] Assume version compatibility. PjRt-IFRT does not track XLA executable versions.
W0726 01:44:58.959621 3293915 pjrt_executable.cc:642] Assume version compatibility. PjRt-IFRT does not track XLA executable versions.
W0726 01:45:03.632623 3293915 pjrt_executable.cc:642] Assume version compatibility. PjRt-IFRT does not track XLA executable versions.
W0726 01:45:18.458950 3293915 pjrt_executable.cc:642] Assume version compatibility. PjRt-IFRT does not track XLA executable versions.
W0726 01:45:23.137455 3293915 pjrt_executable.cc:642] Assume version compatibility. PjRt-IFRT does not track XLA executable versions.
W0726 01:45:37.667371 3293915 pjrt_executable.cc:642] Assume version compatibility. PjRt-IFRT does not track XLA executable versions.
W0726 01:45:42.345816 3293915 pjrt_executable.cc:642] Assume version compatibility. PjRt-IFRT does not track XLA executable versions.
W0726 01:45:56.869611 3293915 pjrt_executable.cc:642] Assume version compatibility. PjRt-IFRT does not track XLA executable versions.
W0726 01:46:01.544827 3293915 pjrt_executable.cc:642] Assume version compatibility. PjRt-IFRT does not track XLA executable versions.
W0726 01:46:16.023434 3293915 pjrt_executable.cc:642] Assume version compatibility. PjRt-IFRT does not track XLA executable versions.
W0726 01:46:20.699982 3293915 pjrt_executable.cc:642] Assume version compatibility. PjRt-IFRT does not track XLA executable versions.
W0726 01:46:35.219186 3293915 pjrt_executable.cc:642] Assume version compatibility. PjRt-IFRT does not track XLA executable versions.
W0726 01:46:39.902861 3293915 pjrt_executable.cc:642] Assume version compatibility. PjRt-IFRT does not track XLA executable versions.
W0726 01:46:54.413822 3293915 pjrt_executable.cc:642] Assume version compatibility. PjRt-IFRT does not track XLA executable versions.
W0726 01:46:59.086057 3293915 pjrt_executable.cc:642] Assume version compatibility. PjRt-IFRT does not track XLA executable versions.
W0726 01:47:13.865316 3293915 pjrt_executable.cc:642] Assume version compatibility. PjRt-IFRT does not track XLA executable versions.
W0726 01:47:18.562466 3293915 pjrt_executable.cc:642] Assume version compatibility. PjRt-IFRT does not track XLA executable versions.
W0726 01:47:33.122909 3293915 pjrt_executable.cc:642] Assume version compatibility. PjRt-IFRT does not track XLA executable versions.
W0726 01:47:37.793408 3293915 pjrt_executable.cc:642] Assume version compatibility. PjRt-IFRT does not track XLA executable versions.
W0726 01:47:52.324193 3293915 pjrt_executable.cc:642] Assume version compatibility. PjRt-IFRT does not track XLA executable versions.
W0726 01:47:57.002446 3293915 pjrt_executable.cc:642] Assume version compatibility. PjRt-IFRT does not track XLA executable versions.
W0726 01:48:11.543471 3293915 pjrt_executable.cc:642] Assume version compatibility. PjRt-IFRT does not track XLA executable versions.
W0726 01:48:16.220313 3293915 pjrt_executable.cc:642] Assume version compatibility. PjRt-IFRT does not track XLA executable versions.
W0726 01:48:30.741659 3293915 pjrt_executable.cc:642] Assume version compatibility. PjRt-IFRT does not track XLA executable versions.
W0726 01:48:35.419947 3293915 pjrt_executable.cc:642] Assume version compatibility. PjRt-IFRT does not track XLA executable versions.
W0726 01:48:49.939073 3293915 pjrt_executable.cc:642] Assume version compatibility. PjRt-IFRT does not track XLA executable versions.
W0726 01:48:54.614706 3293915 pjrt_executable.cc:642] Assume version compatibility. PjRt-IFRT does not track XLA executable versions.
W0726 01:49:09.115610 3293915 pjrt_executable.cc:642] Assume version compatibility. PjRt-IFRT does not track XLA executable versions.
W0726 01:49:14.074374 3293915 pjrt_executable.cc:642] Assume version compatibility. PjRt-IFRT does not track XLA executable versions.
W0726 01:49:28.546020 3293915 pjrt_executable.cc:642] Assume version compatibility. PjRt-IFRT does not track XLA executable versions.
W0726 01:49:33.218199 3293915 pjrt_executable.cc:642] Assume version compatibility. PjRt-IFRT does not track XLA executable versions.
W0726 01:49:47.745742 3293915 pjrt_executable.cc:642] Assume version compatibility. PjRt-IFRT does not track XLA executable versions.
W0726 01:49:52.420174 3293915 pjrt_executable.cc:642] Assume version compatibility. PjRt-IFRT does not track XLA executable versions.
W0726 01:50:06.978375 3293915 pjrt_executable.cc:642] Assume version compatibility. PjRt-IFRT does not track XLA executable versions.
W0726 01:50:11.663166 3293915 pjrt_executable.cc:642] Assume version compatibility. PjRt-IFRT does not track XLA executable versions.
W0726 01:50:26.196198 3293915 pjrt_executable.cc:642] Assume version compatibility. PjRt-IFRT does not track XLA executable versions.
W0726 01:50:30.874228 3293915 pjrt_executable.cc:642] Assume version compatibility. PjRt-IFRT does not track XLA executable versions.
W0726 01:50:45.416893 3293915 pjrt_executable.cc:642] Assume version compatibility. PjRt-IFRT does not track XLA executable versions.
W0726 01:50:50.088901 3293915 pjrt_executable.cc:642] Assume version compatibility. PjRt-IFRT does not track XLA executable versions.
FWI: 2 frequency bands, 15 iters/band, 4 shots/iter
  Grid: (112, 112, 112), dx=1.61 mm
  Velocity bounds: [1480, 2900] m/s
  Loss: l2

  Band 1/2: 150-225 kHz
    Iter 5/15: loss=0.000000, c=[1500, 2800] m/s
    Iter 10/15: loss=0.000000, c=[1500, 2800] m/s
    Iter 15/15: loss=0.000000, c=[1500, 2800] m/s

  Band 2/2: 225-300 kHz
    Iter 5/15: loss=0.000000, c=[1500, 2800] m/s
    Iter 10/15: loss=0.000000, c=[1500, 2800] m/s
    Iter 15/15: loss=0.000000, c=[1500, 2800] m/s
  FWI done 41.1 min

=========== 3-D RESULT: GM/WM via velocity ===========
  WM median 1551.1 (true 1551.5)
  deep-gray nuclei (RESOLVABLE, contrast test):
     true  +17.0 -> recovered  +16.1 m/s (   95%)  AUC 0.999
  cortical ribbon 3mm (resolution test):
     true  +17.0 -> recovered   +7.0 m/s (   41%)  AUC 0.846
  ventricle CSF (positive control):
     true  -51.5 -> recovered  -43.2 m/s (   84%)  AUC 1.000
  VERDICT (on the resolvable GM/WM contrast): RESOLVED
=======================================================
saved results/gmwm_velocity_3d/gmwm3d_s1B_cov128.png
