W0727 01:38:31.018880  134053 pjrt_executable.cc:642] Assume version compatibility. PjRt-IFRT does not track XLA executable versions.
[pose200] pose error 2.00 vox / 2.50 deg -> skull-mass mismatch 63.9%  | ellipsoidal head, soft warp
  N=112 dx=1.61mm nt=1155 | 16 src / 64 rec | inverted voxels 176908
W0727 01:38:32.291925  134053 pjrt_executable.cc:642] Assume version compatibility. PjRt-IFRT does not track XLA executable versions.
W0727 01:38:35.087403  134053 pjrt_executable.cc:642] Assume version compatibility. PjRt-IFRT does not track XLA executable versions.
W0727 01:38:45.361050  134053 pjrt_executable.cc:642] Assume version compatibility. PjRt-IFRT does not track XLA executable versions.
W0727 01:38:55.509651  134053 pjrt_executable.cc:642] Assume version compatibility. PjRt-IFRT does not track XLA executable versions.
W0727 01:39:05.730034  134053 pjrt_executable.cc:642] Assume version compatibility. PjRt-IFRT does not track XLA executable versions.
W0727 01:39:15.915588  134053 pjrt_executable.cc:642] Assume version compatibility. PjRt-IFRT does not track XLA executable versions.
W0727 01:39:26.136441  134053 pjrt_executable.cc:642] Assume version compatibility. PjRt-IFRT does not track XLA executable versions.
W0727 01:39:36.333222  134053 pjrt_executable.cc:642] Assume version compatibility. PjRt-IFRT does not track XLA executable versions.
W0727 01:39:46.555375  134053 pjrt_executable.cc:642] Assume version compatibility. PjRt-IFRT does not track XLA executable versions.
W0727 01:39:56.729419  134053 pjrt_executable.cc:642] Assume version compatibility. PjRt-IFRT does not track XLA executable versions.
W0727 01:40:06.888692  134053 pjrt_executable.cc:642] Assume version compatibility. PjRt-IFRT does not track XLA executable versions.
W0727 01:40:16.626630  134053 pjrt_executable.cc:642] Assume version compatibility. PjRt-IFRT does not track XLA executable versions.
W0727 01:40:26.685199  134053 pjrt_executable.cc:642] Assume version compatibility. PjRt-IFRT does not track XLA executable versions.
W0727 01:40:36.813693  134053 pjrt_executable.cc:642] Assume version compatibility. PjRt-IFRT does not track XLA executable versions.
W0727 01:40:46.983162  134053 pjrt_executable.cc:642] Assume version compatibility. PjRt-IFRT does not track XLA executable versions.
W0727 01:40:57.138041  134053 pjrt_executable.cc:642] Assume version compatibility. PjRt-IFRT does not track XLA executable versions.
W0727 01:41:07.344538  134053 pjrt_executable.cc:642] Assume version compatibility. PjRt-IFRT does not track XLA executable versions.
W0727 01:41:17.514040  134053 pjrt_executable.cc:642] Assume version compatibility. PjRt-IFRT does not track XLA executable versions.
W0727 01:41:27.597757  134053 pjrt_executable.cc:642] Assume version compatibility. PjRt-IFRT does not track XLA executable versions.
W0727 01:41:37.690630  134053 pjrt_executable.cc:642] Assume version compatibility. PjRt-IFRT does not track XLA executable versions.
W0727 01:41:47.728206  134053 pjrt_executable.cc:642] Assume version compatibility. PjRt-IFRT does not track XLA executable versions.
W0727 01:41:57.794310  134053 pjrt_executable.cc:642] Assume version compatibility. PjRt-IFRT does not track XLA executable versions.
W0727 01:42:07.117827  134053 pjrt_executable.cc:642] Assume version compatibility. PjRt-IFRT does not track XLA executable versions.
W0727 01:42:17.170633  134053 pjrt_executable.cc:642] Assume version compatibility. PjRt-IFRT does not track XLA executable versions.
W0727 01:42:27.198897  134053 pjrt_executable.cc:642] Assume version compatibility. PjRt-IFRT does not track XLA executable versions.
W0727 01:42:37.267114  134053 pjrt_executable.cc:642] Assume version compatibility. PjRt-IFRT does not track XLA executable versions.
W0727 01:42:47.348992  134053 pjrt_executable.cc:642] Assume version compatibility. PjRt-IFRT does not track XLA executable versions.
W0727 01:42:57.365297  134053 pjrt_executable.cc:642] Assume version compatibility. PjRt-IFRT does not track XLA executable versions.
W0727 01:43:07.452251  134053 pjrt_executable.cc:642] Assume version compatibility. PjRt-IFRT does not track XLA executable versions.
W0727 01:43:17.602025  134053 pjrt_executable.cc:642] Assume version compatibility. PjRt-IFRT does not track XLA executable versions.
W0727 01:43:27.709424  134053 pjrt_executable.cc:642] Assume version compatibility. PjRt-IFRT does not track XLA executable versions.
W0727 01:43:37.803489  134053 pjrt_executable.cc:642] Assume version compatibility. PjRt-IFRT does not track XLA executable versions.
W0727 01:43:47.814583  134053 pjrt_executable.cc:642] Assume version compatibility. PjRt-IFRT does not track XLA executable versions.
  obs (16, 1155, 64) in 325s | starting residual 64.08%
W0727 01:43:57.133570  134053 pjrt_executable.cc:642] Assume version compatibility. PjRt-IFRT does not track XLA executable versions.
W0727 01:43:58.122333  134053 pjrt_executable.cc:642] Assume version compatibility. PjRt-IFRT does not track XLA executable versions.
W0727 01:43:59.344237  134053 pjrt_executable.cc:642] Assume version compatibility. PjRt-IFRT does not track XLA executable versions.
W0727 01:44:14.751116  134053 pjrt_executable.cc:642] Assume version compatibility. PjRt-IFRT does not track XLA executable versions.
W0727 01:44:49.559600  134053 pjrt_executable.cc:642] Assume version compatibility. PjRt-IFRT does not track XLA executable versions.
W0727 01:44:50.107013  134053 pjrt_executable.cc:642] Assume version compatibility. PjRt-IFRT does not track XLA executable versions.
W0727 01:46:59.768080  134053 pjrt_executable.cc:642] Assume version compatibility. PjRt-IFRT does not track XLA executable versions.
W0727 01:47:00.204588  134053 pjrt_executable.cc:642] Assume version compatibility. PjRt-IFRT does not track XLA executable versions.
W0727 01:47:00.234156  134053 pjrt_executable.cc:642] Assume version compatibility. PjRt-IFRT does not track XLA executable versions.
W0727 01:47:00.331008  134053 pjrt_executable.cc:642] Assume version compatibility. PjRt-IFRT does not track XLA executable versions.
  FWI done 74.1 min
  WM median 1554.7 (true 1551.5)
  deep-gray nuclei (GM/WM contrast): true +17.0 -> +3.1 m/s (18%)  AUC 0.557
  cortical ribbon 3mm: true +17.0 -> +5.9 m/s (35%)  AUC 0.648
  ventricle (control): true -51.5 -> -25.1 m/s (49%)  AUC 0.986
  saved summary_pose200.json
